schema {
  query: Query
  mutation: Mutation
}

type Mutation {
  ping: String!
  registerUser(username: String): User!
}

type Query {
  ping: String!
}

type User {
  id: UUID!
  username: String!
}

"The `@specifiedBy` directive is used within the type system definition language to provide a URL for specifying the behavior of custom scalar definitions."
directive @specifiedBy("The specifiedBy URL points to a human-readable specification. This field will only read a result for scalar types." url: String!) on SCALAR

scalar UUID @specifiedBy(url: "https:\/\/tools.ietf.org\/html\/rfc4122")
